<!doctype html>
<html>
<body>
<div>
    <h1>Example Domain</h1>
    <p>This domain is for use in illustrative examples in documents. You may use this
    domain in literature without prior coordination or asking for permission.</p>
    <p><a href="https://www.iana.org/domains/example">More information...</a></p>

    <img src="example-com-images_files/example-com-assets-test-image1.jpg" alt="Test image1"/>
    <img src="example-com-images_files/example-com-assets-test-image2.jpg" alt="Test image2"/>
    <img src="example-com-images_files/example-com-assets-test-image3.jpg" alt="Test image3"/>
</div>
</body>
</html>
